// Jest Snapshot v1, https://goo.gl/fbAQLP

exports[`Given I have a workflow executes every step when all go well 1`] = `
Array [
  Object {
    "args": Array [
      "customers.createCustomer",
      "Mustermann",
    ],
    "type": "trigger",
  },
  Object {
    "args": Array [
      "customers",
    ],
    "type": "view",
  },
  Object {
    "args": Array [
      "contracts",
    ],
    "type": "view",
  },
  Object {
    "args": Array [
      "contracts.createContract",
      Object {
        "contractNumber": 1,
        "runtime": 3,
        "userName": "Mustermann",
      },
    ],
    "type": "trigger",
  },
  Object {
    "args": Array [
      "customers",
    ],
    "type": "view",
  },
  Object {
    "args": Array [
      "contracts",
    ],
    "type": "view",
  },
  Object {
    "args": Array [
      "customers.changeCustomerName",
      Object {
        "oldName": "Mustermann",
        "userName": "Klaus",
      },
    ],
    "type": "trigger",
  },
  Object {
    "args": Array [
      "contracts.changeCustomerName",
      Object {
        "oldName": "Mustermann",
        "userName": "Klaus",
      },
    ],
    "type": "trigger",
  },
  Object {
    "args": Array [
      "customers",
    ],
    "type": "view",
  },
  Object {
    "args": Array [
      "contracts",
    ],
    "type": "view",
  },
  Object {
    "args": Array [
      "*.changeCustomerName",
      Object {
        "oldName": "Klaus",
        "userName": "Sepp",
      },
    ],
    "type": "trigger",
  },
  Object {
    "args": Array [
      "customers",
    ],
    "type": "view",
  },
  Object {
    "args": Array [
      "contracts",
    ],
    "type": "view",
  },
  Object {
    "args": Array [
      "customers.deleteCustomer",
      [Function],
    ],
    "type": "addSideeffect",
  },
  Object {
    "args": Array [
      "customers.deleteCustomer",
      "Sepp",
    ],
    "type": "trigger",
  },
  Object {
    "args": Array [
      "contracts",
    ],
    "type": "view",
  },
  Object {
    "args": Array [
      "contracts.removeContract",
      1,
    ],
    "type": "trigger",
  },
  Object {
    "args": Array [
      "customers",
    ],
    "type": "view",
  },
  Object {
    "args": Array [
      "contracts",
    ],
    "type": "view",
  },
]
`;
